// Jest Snapshot v1, https://goo.gl/fbAQLP

exports[`StatusButton pause 1`] = `
<button
  className={undefined}
  onClick={[Function]}
/>
`;

exports[`StatusButton resume 1`] = `
<button
  className={undefined}
  onClick={[Function]}
/>
`;
